[www.livelongerrunning.com/index.html]
[www.livelongerrunning.com/favicon3860.ico]
[www.livelongerrunning.com/wp-content/themes/livelongerrunning/style.css]
[backblue.gif]
[fade.gif]
[index.html]
[www.livelongerrunning.com/wp-includes/js/jquery/jqueryb8ff.js]
[www.livelongerrunning.com/wp-includes/js/jquery/jquery-migrate.min330a.js]
[www.livelongerrunning.com/wp-content/themes/livelongerrunning/assets/javascripts/libraries/modernizr-2.8.3.min82d0.js]
[www.livelongerrunning.com/wp-content/themes/livelongerrunning/assets/javascripts/libraries/respond.min82d0.js]
[www.livelongerrunning.com/xmlrpc0db0.php]
[www.livelongerrunning.com/wp-json/index.html]
[www.livelongerrunning.com/wp-includes/wlwmanifest.xml]
[www.livelongerrunning.com/wp-json/oembed/1.0/embedef9e.json]
[www.livelongerrunning.com/wp-json/oembed/1.0/embedae04]
[www.livelongerrunning.com/images/logo.png]
[www.livelongerrunning.com/images/banner.png]
[www.livelongerrunning.com/best-selling-treadmills-compared/index.html]
[www.livelongerrunning.com/easy-tips-that-will-help-you-build-up-your-endurance/index.html]
[www.livelongerrunning.com/how-to-burn-more-fat-and-calories/index.html]
[www.livelongerrunning.com/images/stars/five-star.png]
[www.livelongerrunning.com/the-most-common-mistakes-people-make/index.html]
[www.livelongerrunning.com/[php]echo bloginfo('url');[/php]/best-selling-treadmills-compared/index.html]
[www.livelongerrunning.com/images/stars/four-half-star.png]
[www.livelongerrunning.com/images/stars/four-star.png]
[www.livelongerrunning.com/images/stars/three-half-star.png]
[www.livelongerrunning.com/lifespan-tr-1200i-folding-treadmill-review/index.html]
[www.livelongerrunning.com/horizon-fitness-t101-04-treadmill-review/index.html]
[www.livelongerrunning.com/images/stars/three-star.png]
[www.livelongerrunning.com/proform-power-995c-treadmill-review/index.html]
[www.livelongerrunning.com/sole-fitness-f85-folding-treadmill-review/index.html]
[www.livelongerrunning.com/images/stars/two-half-star.png]
[www.livelongerrunning.com/proform-power-995-treadmill-review/index.html]
[www.livelongerrunning.com/sole-fitness-f80-folding-treadmill-review/index.html]
[www.livelongerrunning.com/images/stars/two-star.png]
[www.livelongerrunning.com/horizon-fitness-t101-3-treadmill-review/index.html]
[www.livelongerrunning.com/proform-505-cst-treadmill-review/index.html]
[www.livelongerrunning.com/images/stars/one-half-star.png]
[www.livelongerrunning.com/sole-fitness-f63-folding-treadmill/index.html]
[www.livelongerrunning.com/wp-content/themes/livelongerrunning/assets/javascripts/build/global.min2fb2.js]
[www.livelongerrunning.com/weslo-cadence-r-5-2-treadmill-review/index.html]
[www.livelongerrunning.com/horizon-evolve-sg-compact-treadmill-review/index.html]
[www.livelongerrunning.com/proform-6-0-rt-review/index.html]
[www.livelongerrunning.com/wp-includes/js/wp-embed.min82d0.js]
[www.livelongerrunning.com/merit-fitness-715t-plus-treadmill/index.html]
[www.livelongerrunning.com/how-to-effectively-incorporate-a-treadmill-into-your-workout-routine/index.html]
[in.getclicky.com/100654010ns.gif]
[www.livelongerrunning.com/index.html]
[www.livelongerrunning.com/tips-for-building-upper-body-strength/index.html]
[www.livelongerrunning.com/the-best-music-to-keep-you-going/index.html]
[www.livelongerrunning.com/easing-cardio-back-woes/index.html]
[www.livelongerrunning.com/tips-to-keep-you-from-getting-bored/index.html]
[www.livelongerrunning.com/disclaimer/index.html]
[www.livelongerrunning.com/wp-content/themes/livelongerrunning/assets/images/build/submit-bg.gif]
[www.livelongerrunning.com/privacy-statement/index.html]
[www.livelongerrunning.com/images/search.png]
[www.livelongerrunning.com/terms-of-use/index.html]
[www.livelongerrunning.com/wp-content/themes/livelongerrunning/assets/images/build/blue-dots.png]
[www.livelongerrunning.com/wp-content/themes/livelongerrunning/assets/images/build/blue-dots.png]
[www.livelongerrunning.com/wp-content/themes/livelongerrunning/style.css]
[www.livelongerrunning.com/wp-includes/js/jquery/jqueryb8ff.js]
[www.livelongerrunning.com/wp-includes/js/jquery/jquery-migrate.min330a.js]
[www.livelongerrunning.com/wp-content/themes/livelongerrunning/assets/javascripts/libraries/modernizr-2.8.3.min82d0.js]
[www.livelongerrunning.com/GET]
[www.livelongerrunning.com/wp-content/themes/livelongerrunning/assets/javascripts/libraries/respond.min82d0.js]
[www.livelongerrunning.com/best-selling-treadmills-compared/index.html]
[www.livelongerrunning.com/wp-json/oembed/1.0/embed1b38.json]
[www.livelongerrunning.com/indexa165.html]
[www.livelongerrunning.com/wp-json/oembed/1.0/embed0518]
[www.livelongerrunning.com/easy-tips-that-will-help-you-build-up-your-endurance/index.html]
[www.livelongerrunning.com/wp-json/oembed/1.0/embed127c.json]
[www.livelongerrunning.com/index0971.html]
[www.livelongerrunning.com/wp-json/oembed/1.0/embed0823]
[www.livelongerrunning.com/how-to-burn-more-fat-and-calories/index.html]
[www.livelongerrunning.com/wp-json/oembed/1.0/embed34e9.json]
[www.livelongerrunning.com/index4cfb.html]
[www.livelongerrunning.com/wp-json/oembed/1.0/embed8235]
[www.livelongerrunning.com/the-most-common-mistakes-people-make/index.html]
[www.livelongerrunning.com/[php]echo bloginfo('url');[/php]/best-selling-treadmills-compared/index.html]
[www.livelongerrunning.com/wp-json/oembed/1.0/embed3981.json]
[www.livelongerrunning.com/index6ca3.html]
[www.livelongerrunning.com/wp-json/oembed/1.0/embed9e08]
[www.livelongerrunning.com/lifespan-tr-1200i-folding-treadmill-review/[php]echo bloginfo('url');[/php]/images/reviews/LifeSpan_TR_1200i_Folding_Treadmill.jpg]
[www.livelongerrunning.com/lifespan-tr-1200i-folding-treadmill-review/index.html]
[www.livelongerrunning.com/lifespan-tr-1200i-folding-treadmill-review/[php]echo bloginfo('url');[/php]/B0030EW7Q8/index.html]
[www.livelongerrunning.com/wp-json/oembed/1.0/embed291f.json]
[www.livelongerrunning.com/index5cd0.html]
[www.livelongerrunning.com/wp-json/oembed/1.0/embed0efc]
[www.livelongerrunning.com/horizon-fitness-t101-04-treadmill-review/[php]echo bloginfo('url');[/php]/images/reviews/horizon-fitness-t101-04-treadmill.jpg]
[www.livelongerrunning.com/horizon-fitness-t101-04-treadmill-review/[php]echo bloginfo('url');[/php]/B00DIUM8BS]
[www.livelongerrunning.com/horizon-fitness-t101-04-treadmill-review/index.html]
[www.livelongerrunning.com/wp-json/oembed/1.0/embed961b.json]
[www.livelongerrunning.com/indexc9fb.html]
[www.livelongerrunning.com/wp-json/oembed/1.0/embedb1c1]
[www.livelongerrunning.com/proform-power-995c-treadmill-review/[php]echo bloginfo('url');[/php]/images/reviews/proform-power-995c-treadmill.jpg]
[www.livelongerrunning.com/proform-power-995c-treadmill-review/index.html]
[www.livelongerrunning.com/wp-json/oembed/1.0/embedde21.json]
[www.livelongerrunning.com/indexf034.html]
[www.livelongerrunning.com/wp-json/oembed/1.0/embed62d6]
[www.livelongerrunning.com/sole-fitness-f85-folding-treadmill-review/[php]echo bloginfo('url');[/php]/images/reviews/sole-fitness-f85-folding-treadmill.jpg]
[www.livelongerrunning.com/sole-fitness-f85-folding-treadmill-review/index.html]
[www.livelongerrunning.com/sole-fitness-f85-folding-treadmill-review/[php]echo bloginfo('url');[/php]/best-selling-treadmills-compared/index.html]
[www.livelongerrunning.com/wp-json/oembed/1.0/embeddb93.json]
[www.livelongerrunning.com/index6ade.html]
[www.livelongerrunning.com/wp-json/oembed/1.0/embede04b]
[www.livelongerrunning.com/proform-power-995-treadmill-review/[php]echo bloginfo('url');[/php]/images/reviews/proform-995-treadmill.jpg]
[www.livelongerrunning.com/proform-power-995-treadmill-review/index.html]
[www.livelongerrunning.com/wp-json/oembed/1.0/embedb744.json]
[www.livelongerrunning.com/proform-power-995-treadmill-review/[php]echo bloginfo('url');[/php]/best-selling-treadmills-compared/index.html]
[www.livelongerrunning.com/index0ae0.html]
[www.livelongerrunning.com/wp-json/oembed/1.0/embed4d11]
[www.livelongerrunning.com/sole-fitness-f80-folding-treadmill-review/[php]echo bloginfo('url');[/php]/images/reviews/sole-fitness-f80-folding-treadmill.jpg]
[www.livelongerrunning.com/sole-fitness-f80-folding-treadmill-review/index.html]
[www.livelongerrunning.com/sole-fitness-f80-folding-treadmill-review/[php]echo bloginfo('url');[/php]/best-selling-treadmills-compared/index.html]
[www.livelongerrunning.com/wp-json/oembed/1.0/embed1a2f.json]
[www.livelongerrunning.com/indexd379.html]
[www.livelongerrunning.com/wp-json/oembed/1.0/embed7f08]
[www.livelongerrunning.com/horizon-fitness-t101-3-treadmill-review/[php]echo bloginfo('url');[/php]/images/reviews/Horizon_Fitness_T101-3_Treadmill.jpg]
[www.livelongerrunning.com/horizon-fitness-t101-3-treadmill-review/index.html]
[www.livelongerrunning.com/wp-json/oembed/1.0/embed3e6a.json]
[www.livelongerrunning.com/horizon-fitness-t101-3-treadmill-review/[php]echo bloginfo('url');[/php]/best-selling-treadmills-compared/index.html]
[www.livelongerrunning.com/indexf8fc.html]
[www.livelongerrunning.com/wp-json/oembed/1.0/embed970c]
[www.livelongerrunning.com/proform-505-cst-treadmill-review/[php]echo bloginfo('url');[/php]/images/reviews/proform-505-cst-treadmill.jpg]
[www.livelongerrunning.com/proform-505-cst-treadmill-review/index.html]
[www.livelongerrunning.com/proform-505-cst-treadmill-review/[php]echo bloginfo('url');[/php]/best-selling-treadmills-compared/index.html]
[www.livelongerrunning.com/wp-json/oembed/1.0/embede8a4.json]
[www.livelongerrunning.com/index8bcd.html]
[www.livelongerrunning.com/wp-json/oembed/1.0/embed932d]
[www.livelongerrunning.com/sole-fitness-f63-folding-treadmill/[php]echo bloginfo('url');[/php]/images/reviews/sole-fitness-f63-folding-treadmill.jpg]
[www.livelongerrunning.com/sole-fitness-f63-folding-treadmill/index.html]
[www.livelongerrunning.com/wp-json/oembed/1.0/embed6230.json]
[www.livelongerrunning.com/sole-fitness-f63-folding-treadmill/[php]echo bloginfo('url');[/php]/best-selling-treadmills-compared/index.html]
[www.livelongerrunning.com/indexe703.html]
[www.livelongerrunning.com/wp-json/oembed/1.0/embed0b84]
[www.livelongerrunning.com/weslo-cadence-r-5-2-treadmill-review/[php]echo bloginfo('url');[/php]/images/reviews/weslo-cadence-4-5-2-treadmill.jpg]
[www.livelongerrunning.com/weslo-cadence-r-5-2-treadmill-review/index.html]
[www.livelongerrunning.com/weslo-cadence-r-5-2-treadmill-review/[php]echo bloginfo('url');[/php]/best-selling-treadmills-compared/index.html]
[www.livelongerrunning.com/wp-json/oembed/1.0/embed9576.json]
[www.livelongerrunning.com/indexfdd5.html]
[www.livelongerrunning.com/wp-json/oembed/1.0/embed9d6e]
[www.livelongerrunning.com/horizon-evolve-sg-compact-treadmill-review/[php]echo bloginfo('url');[/php]/images/reviews/Horizon_Evolve_SG_Compact_Treadmill.jpg]
[www.livelongerrunning.com/horizon-evolve-sg-compact-treadmill-review/index.html]
[www.livelongerrunning.com/horizon-evolve-sg-compact-treadmill-review/[php]echo bloginfo('url');[/php]/best-selling-treadmills-compared/index.html]
[www.livelongerrunning.com/wp-json/oembed/1.0/embed64e9.json]
[www.livelongerrunning.com/index092b.html]
[www.livelongerrunning.com/wp-json/oembed/1.0/embede0ff]
[www.livelongerrunning.com/proform-6-0-rt-review/[php]echo bloginfo('url');[/php]/images/reviews/ProForm_6_RT.jpg]
[www.livelongerrunning.com/proform-6-0-rt-review/index.html]
[www.livelongerrunning.com/proform-6-0-rt-review/[php]echo bloginfo('url');[/php]/best-selling-treadmills-compared/index.html]
[www.livelongerrunning.com/index8989.html]
[www.livelongerrunning.com/wp-json/oembed/1.0/embed732c.json]
[www.livelongerrunning.com/wp-json/oembed/1.0/embed2c35]
[www.livelongerrunning.com/merit-fitness-715t-plus-treadmill/[php]echo bloginfo('url');[/php]/images/reviews/merit-fitness-715t-plus-treadmill.jpg]
[www.livelongerrunning.com/merit-fitness-715t-plus-treadmill/index.html]
[www.livelongerrunning.com/merit-fitness-715t-plus-treadmill/[php]echo bloginfo('url');[/php]/best-selling-treadmills-compared/index.html]
[www.livelongerrunning.com/wp-json/oembed/1.0/embed5942.json]
[www.livelongerrunning.com/index46ad.html]
[www.livelongerrunning.com/wp-json/oembed/1.0/embed8ecc]
[www.livelongerrunning.com/how-to-effectively-incorporate-a-treadmill-into-your-workout-routine/index.html]
[www.livelongerrunning.com/index193e.html]
[www.livelongerrunning.com/wp-json/oembed/1.0/embed2437.json]
[www.livelongerrunning.com/wp-json/oembed/1.0/embed9df0]
[www.livelongerrunning.com/tips-for-building-upper-body-strength/index.html]
[www.livelongerrunning.com/wp-json/oembed/1.0/embed3465.json]
[www.livelongerrunning.com/indexa215.html]
[www.livelongerrunning.com/wp-json/oembed/1.0/embed205d]
[www.livelongerrunning.com/easing-cardio-back-woes/index.html]
[www.livelongerrunning.com/wp-json/oembed/1.0/embedfcc9.json]
[www.livelongerrunning.com/index1dc8.html]
[www.livelongerrunning.com/wp-json/oembed/1.0/embed991a]
[www.livelongerrunning.com/the-best-music-to-keep-you-going/index.html]
[www.livelongerrunning.com/index044f.html]
[www.livelongerrunning.com/wp-json/oembed/1.0/embed9b32.json]
[www.livelongerrunning.com/wp-json/oembed/1.0/embed2f17]
[www.livelongerrunning.com/tips-to-keep-you-from-getting-bored/index.html]
[www.livelongerrunning.com/wp-json/oembed/1.0/embed9b9f.json]
[www.livelongerrunning.com/index3a5c.html]
[www.livelongerrunning.com/wp-json/oembed/1.0/embed7a30]
[www.livelongerrunning.com/disclaimer/index.html]
[www.livelongerrunning.com/wp-json/oembed/1.0/embed476f.json]
[www.livelongerrunning.com/indexfa8d.html]
[www.livelongerrunning.com/wp-json/oembed/1.0/embed3ad2]
[www.livelongerrunning.com/privacy-statement/index.html]
[www.livelongerrunning.com/wp-json/oembed/1.0/embeda270.json]
[www.livelongerrunning.com/index273a.html]
[www.livelongerrunning.com/wp-json/oembed/1.0/embedcac7]
[www.livelongerrunning.com/terms-of-use/index.html]
[www.livelongerrunning.com/wp-content/themes/livelongerrunning/assets/javascripts/build/global.min2fb2.js]
[www.livelongerrunning.com/wp-includes/js/wp-embed.min82d0.js]
[www.livelongerrunning.com/indexa165.html]
[www.livelongerrunning.com/index0971.html]
[www.livelongerrunning.com/index4cfb.html]
[www.livelongerrunning.com/index6ca3.html]
[www.livelongerrunning.com/lifespan-tr-1200i-folding-treadmill-review/[php]echo bloginfo('url');[/php]/B0030EW7Q8/index.html]
[www.livelongerrunning.com/index5cd0.html]
[www.livelongerrunning.com/indexc9fb.html]
[www.livelongerrunning.com/indexf034.html]
[www.livelongerrunning.com/sole-fitness-f85-folding-treadmill-review/[php]echo bloginfo('url');[/php]/best-selling-treadmills-compared/index.html]
[www.livelongerrunning.com/index6ade.html]
[www.livelongerrunning.com/proform-power-995-treadmill-review/[php]echo bloginfo('url');[/php]/best-selling-treadmills-compared/index.html]
[www.livelongerrunning.com/index0ae0.html]
[www.livelongerrunning.com/sole-fitness-f80-folding-treadmill-review/[php]echo bloginfo('url');[/php]/best-selling-treadmills-compared/index.html]
[www.livelongerrunning.com/indexd379.html]
[www.livelongerrunning.com/horizon-fitness-t101-3-treadmill-review/[php]echo bloginfo('url');[/php]/best-selling-treadmills-compared/index.html]
[www.livelongerrunning.com/indexf8fc.html]
[www.livelongerrunning.com/proform-505-cst-treadmill-review/[php]echo bloginfo('url');[/php]/best-selling-treadmills-compared/index.html]
[www.livelongerrunning.com/index8bcd.html]
[www.livelongerrunning.com/sole-fitness-f63-folding-treadmill/[php]echo bloginfo('url');[/php]/best-selling-treadmills-compared/index.html]
[www.livelongerrunning.com/indexe703.html]
[www.livelongerrunning.com/weslo-cadence-r-5-2-treadmill-review/[php]echo bloginfo('url');[/php]/best-selling-treadmills-compared/index.html]
[www.livelongerrunning.com/indexfdd5.html]
[www.livelongerrunning.com/horizon-evolve-sg-compact-treadmill-review/[php]echo bloginfo('url');[/php]/best-selling-treadmills-compared/index.html]
[www.livelongerrunning.com/index092b.html]
[www.livelongerrunning.com/proform-6-0-rt-review/[php]echo bloginfo('url');[/php]/best-selling-treadmills-compared/index.html]
[www.livelongerrunning.com/index8989.html]
[www.livelongerrunning.com/merit-fitness-715t-plus-treadmill/[php]echo bloginfo('url');[/php]/best-selling-treadmills-compared/index.html]
[www.livelongerrunning.com/index46ad.html]
[www.livelongerrunning.com/index193e.html]
[www.livelongerrunning.com/indexa215.html]
[www.livelongerrunning.com/index1dc8.html]
[www.livelongerrunning.com/index044f.html]
[www.livelongerrunning.com/index3a5c.html]
[www.livelongerrunning.com/indexfa8d.html]
[www.livelongerrunning.com/index273a.html]
